// Vitest Snapshot v1

exports[`passes props to element 1`] = `
<div>
  <img
    alt="test"
    onLoad={[MockFunction spy]}
    src="test"
    title="Test Title"
  />
</div>
`;
